// Jest Snapshot v1, https://goo.gl/fbAQLP

exports[`mel by vyrenderovat jednu z polozek modelovych dat 1`] = `
<div>
  <p>
    ===========================
  </p>
  <Link
    replace={false}
    to="/edit/1"
  >
    <h3>
      hemopexin
    </h3>
     
  </Link>
  <p>
    krnov
     / 
    serum
  </p>
</div>
`;
