// Jest Snapshot v1, https://goo.gl/fbAQLP

exports[`mel by spravne vyrenderovat PridatVysetreniPage 1`] = `
<div>
  <h1>
    Pridej vysetreni
  </h1>
  <VysetreniForm
    provedSubmitDoStore={[Function]}
  />
</div>
`;
