// Jest Snapshot v1, https://goo.gl/fbAQLP

exports[`should render expense dashboard page 1`] = `
<div>
  <h4>
    Tohle je dashboard
  </h4>
  <Connect(VysetreniFiltrovaciInput) />
  <Connect(SeznamVysetreni) />
</div>
`;
